
running 3 tests
test $DIR/issue-70732.rs -  (line 15) ... ok
test $DIR/issue-70732.rs -  (line 21) ... ok
test $DIR/issue-70732.rs -  (line 9) ... ok

test result: ok. 3 passed; 0 failed; 0 ignored; 0 measured; 0 filtered out
